01:22:52 **** Incremental Build of configuration Debug for project deneme ****
make -j8 all 
arm-none-eabi-gcc "../Core/Src/main.c" -mcpu=cortex-m4 -std=gnu11 -g3 -DDEBUG -DUSE_HAL_DRIVER -DSTM32F401xC -c -I../Core/Inc -I../Drivers/STM32F4xx_HAL_Driver/Inc -I../Drivers/STM32F4xx_HAL_Driver/Inc/Legacy -I../Drivers/CMSIS/Device/ST/STM32F4xx/Include -I../Drivers/CMSIS/Include -O0 -ffunction-sections -fdata-sections -Wall -fstack-usage -fcyclomatic-complexity -MMD -MP -MF"Core/Src/main.d" -MT"Core/Src/main.o" --specs=nano.specs -mfpu=fpv4-sp-d16 -mfloat-abi=hard -mthumb -o "Core/Src/main.o"
arm-none-eabi-gcc -o "deneme.elf" @"objects.list"   -mcpu=cortex-m4 -T"C:\Users\ramaz\STM32CubeIDE\workspace_1.19.0\deneme\STM32F401CBUX_FLASH.ld" --specs=nosys.specs -Wl,-Map="deneme.map" -Wl,--gc-sections -static --specs=nano.specs -mfpu=fpv4-sp-d16 -mfloat-abi=hard -mthumb -Wl,--start-group -lc -lm -Wl,--end-group
Finished building target: deneme.elf
 
arm-none-eabi-size  deneme.elf 
arm-none-eabi-objdump -h -S deneme.elf  > "deneme.list"
   text	   data	    bss	    dec	    hex	filename
   6564	     12	   1660	   8236	   202c	deneme.elf
Finished building: default.size.stdout
 
Finished building: deneme.list
 

01:22:53 Build Finished. 0 errors, 0 warnings. (took 946ms)

