22:11:27 **** Incremental Build of configuration Debug for project PROJECT1_DOOR_LOCK_SYSTEM ****
make -j8 all 
arm-none-eabi-gcc "../Core/Src/keypad.c" -mcpu=cortex-m4 -std=gnu11 -g3 -DDEBUG -DUSE_HAL_DRIVER -DSTM32F401xC -c -I../Core/Inc -I../Drivers/STM32F4xx_HAL_Driver/Inc -I../Drivers/STM32F4xx_HAL_Driver/Inc/Legacy -I../Drivers/CMSIS/Device/ST/STM32F4xx/Include -I../Drivers/CMSIS/Include -I../Drivers/OLED -O0 -ffunction-sections -fdata-sections -Wall -fstack-usage -fcyclomatic-complexity -MMD -MP -MF"Core/Src/keypad.d" -MT"Core/Src/keypad.o" --specs=nano.specs -mfpu=fpv4-sp-d16 -mfloat-abi=hard -mthumb -o "Core/Src/keypad.o"
../Core/Src/keypad.c:27:28: warning: initialization of 'uint32_t' {aka 'long unsigned int'} from 'char *' makes integer from pointer without a cast [-Wint-conversion]
   27 | uint32_t enteredPassword = "2765";
      |                            ^~~~~~
../Core/Src/keypad.c: In function 'Proccess_Pin':
../Core/Src/keypad.c:126:27: warning: passing argument 2 of 'strcmp' makes pointer from integer without a cast [-Wint-conversion]
  126 |         if (strcmp(input, enteredPassword) == 0) {
      |                           ^~~~~~~~~~~~~~~
      |                           |
      |                           uint32_t {aka long unsigned int}
In file included from ../Core/Src/keypad.c:11:
C:\ST\STM32CubeIDE_1.19.0\STM32CubeIDE\plugins\com.st.stm32cube.ide.mcu.externaltools.gnu-tools-for-stm32.13.3.rel1.win32_1.0.0.202411081344\tools\bin/../lib/gcc/arm-none-eabi/13.3.1/../../../../arm-none-eabi/include/string.h:36:32: note: expected 'const char *' but argument is of type 'uint32_t' {aka 'long unsigned int'}
   36 | int      strcmp (const char *, const char *);
      |                                ^~~~~~~~~~~~
arm-none-eabi-gcc -o "PROJECT1_DOOR_LOCK_SYSTEM.elf" @"objects.list"   -mcpu=cortex-m4 -T"C:\Users\ramaz\STM32CubeIDE\workspace_1.19.0\PROJECT1_DOOR_LOCK_SYSTEM\STM32F401CCUX_FLASH.ld" --specs=nosys.specs -Wl,-Map="PROJECT1_DOOR_LOCK_SYSTEM.map" -Wl,--gc-sections -static --specs=nano.specs -mfpu=fpv4-sp-d16 -mfloat-abi=hard -mthumb -Wl,--start-group -lc -lm -Wl,--end-group
Finished building target: PROJECT1_DOOR_LOCK_SYSTEM.elf
 
arm-none-eabi-size  PROJECT1_DOOR_LOCK_SYSTEM.elf 
arm-none-eabi-objdump -h -S PROJECT1_DOOR_LOCK_SYSTEM.elf  > "PROJECT1_DOOR_LOCK_SYSTEM.list"
   text	   data	    bss	    dec	    hex	filename
  27764	    100	   3364	  31228	   79fc	PROJECT1_DOOR_LOCK_SYSTEM.elf
arm-none-eabi-objcopy  -O ihex PROJECT1_DOOR_LOCK_SYSTEM.elf  "PROJECT1_DOOR_LOCK_SYSTEM.hex"
Finished building: default.size.stdout
 
Finished building: PROJECT1_DOOR_LOCK_SYSTEM.hex
Finished building: PROJECT1_DOOR_LOCK_SYSTEM.list
 
 
22:11:31 **** Incremental Build of configuration Debug for project PROJECT1_DOOR_LOCK_SYSTEM ****
make -j8 all 
arm-none-eabi-size  PROJECT1_DOOR_LOCK_SYSTEM.elf 
   text	   data	    bss	    dec	    hex	filename
  27764	    100	   3364	  31228	   79fc	PROJECT1_DOOR_LOCK_SYSTEM.elf
Finished building: default.size.stdout
 
22:13:52 **** Incremental Build of configuration Debug for project PROJECT1_DOOR_LOCK_SYSTEM ****
make -j8 all 
arm-none-eabi-gcc "../Core/Src/main.c" -mcpu=cortex-m4 -std=gnu11 -g3 -DDEBUG -DUSE_HAL_DRIVER -DSTM32F401xC -c -I../Core/Inc -I../Drivers/STM32F4xx_HAL_Driver/Inc -I../Drivers/STM32F4xx_HAL_Driver/Inc/Legacy -I../Drivers/CMSIS/Device/ST/STM32F4xx/Include -I../Drivers/CMSIS/Include -I../Drivers/OLED -O0 -ffunction-sections -fdata-sections -Wall -fstack-usage -fcyclomatic-complexity -MMD -MP -MF"Core/Src/main.d" -MT"Core/Src/main.o" --specs=nano.specs -mfpu=fpv4-sp-d16 -mfloat-abi=hard -mthumb -o "Core/Src/main.o"
arm-none-eabi-gcc -o "PROJECT1_DOOR_LOCK_SYSTEM.elf" @"objects.list"   -mcpu=cortex-m4 -T"C:\Users\ramaz\STM32CubeIDE\workspace_1.19.0\PROJECT1_DOOR_LOCK_SYSTEM\STM32F401CCUX_FLASH.ld" --specs=nosys.specs -Wl,-Map="PROJECT1_DOOR_LOCK_SYSTEM.map" -Wl,--gc-sections -static --specs=nano.specs -mfpu=fpv4-sp-d16 -mfloat-abi=hard -mthumb -Wl,--start-group -lc -lm -Wl,--end-group
Finished building target: PROJECT1_DOOR_LOCK_SYSTEM.elf
 
arm-none-eabi-size  PROJECT1_DOOR_LOCK_SYSTEM.elf 
arm-none-eabi-objdump -h -S PROJECT1_DOOR_LOCK_SYSTEM.elf  > "PROJECT1_DOOR_LOCK_SYSTEM.list"
   text	   data	    bss	    dec	    hex	filename
  27764	    100	   3364	  31228	   79fc	PROJECT1_DOOR_LOCK_SYSTEM.elf
arm-none-eabi-objcopy  -O ihex PROJECT1_DOOR_LOCK_SYSTEM.elf  "PROJECT1_DOOR_LOCK_SYSTEM.hex"
Finished building: default.size.stdout
 
Finished building: PROJECT1_DOOR_LOCK_SYSTEM.hex
Finished building: PROJECT1_DOOR_LOCK_SYSTEM.list
 
 
22:16:00 **** Incremental Build of configuration Debug for project PROJECT1_DOOR_LOCK_SYSTEM ****
make -j8 all 
arm-none-eabi-gcc "../Core/Src/main.c" -mcpu=cortex-m4 -std=gnu11 -g3 -DDEBUG -DUSE_HAL_DRIVER -DSTM32F401xC -c -I../Core/Inc -I../Drivers/STM32F4xx_HAL_Driver/Inc -I../Drivers/STM32F4xx_HAL_Driver/Inc/Legacy -I../Drivers/CMSIS/Device/ST/STM32F4xx/Include -I../Drivers/CMSIS/Include -I../Drivers/OLED -O0 -ffunction-sections -fdata-sections -Wall -fstack-usage -fcyclomatic-complexity -MMD -MP -MF"Core/Src/main.d" -MT"Core/Src/main.o" --specs=nano.specs -mfpu=fpv4-sp-d16 -mfloat-abi=hard -mthumb -o "Core/Src/main.o"
arm-none-eabi-gcc -o "PROJECT1_DOOR_LOCK_SYSTEM.elf" @"objects.list"   -mcpu=cortex-m4 -T"C:\Users\ramaz\STM32CubeIDE\workspace_1.19.0\PROJECT1_DOOR_LOCK_SYSTEM\STM32F401CCUX_FLASH.ld" --specs=nosys.specs -Wl,-Map="PROJECT1_DOOR_LOCK_SYSTEM.map" -Wl,--gc-sections -static --specs=nano.specs -mfpu=fpv4-sp-d16 -mfloat-abi=hard -mthumb -Wl,--start-group -lc -lm -Wl,--end-group
Finished building target: PROJECT1_DOOR_LOCK_SYSTEM.elf
 
arm-none-eabi-size  PROJECT1_DOOR_LOCK_SYSTEM.elf 
arm-none-eabi-objdump -h -S PROJECT1_DOOR_LOCK_SYSTEM.elf  > "PROJECT1_DOOR_LOCK_SYSTEM.list"
   text	   data	    bss	    dec	    hex	filename
  27768	    100	   3364	  31232	   7a00	PROJECT1_DOOR_LOCK_SYSTEM.elf
arm-none-eabi-objcopy  -O ihex PROJECT1_DOOR_LOCK_SYSTEM.elf  "PROJECT1_DOOR_LOCK_SYSTEM.hex"
Finished building: default.size.stdout
 
Finished building: PROJECT1_DOOR_LOCK_SYSTEM.hex
Finished building: PROJECT1_DOOR_LOCK_SYSTEM.list
 
 
