00:28:28 **** Incremental Build of configuration Debug for project stm32f4_baremetal_led_blink ****
make -j8 all 
arm-none-eabi-gcc "../Src/main.c" -mcpu=cortex-m4 -std=gnu11 -g3 -DDEBUG -DSTM32F401CBUx -DSTM32 -DSTM32F4 -c -I../Inc -O0 -ffunction-sections -fdata-sections -Wall -fstack-usage -fcyclomatic-complexity -MMD -MP -MF"Src/main.d" -MT"Src/main.o" --specs=nano.specs -mfpu=fpv4-sp-d16 -mfloat-abi=hard -mthumb -o "Src/main.o"
arm-none-eabi-gcc -o "stm32f4_baremetal_led_blink.elf" @"objects.list"   -mcpu=cortex-m4 -T"C:\Users\ramaz\STM32CubeIDE\workspace_1.19.0\stm32f4_baremetal_led_blink\STM32F401CBUX_FLASH.ld" --specs=nosys.specs -Wl,-Map="stm32f4_baremetal_led_blink.map" -Wl,--gc-sections -static --specs=nano.specs -mfpu=fpv4-sp-d16 -mfloat-abi=hard -mthumb -Wl,--start-group -lc -lm -Wl,--end-group
Finished building target: stm32f4_baremetal_led_blink.elf
 
arm-none-eabi-size  stm32f4_baremetal_led_blink.elf 
arm-none-eabi-objdump -h -S stm32f4_baremetal_led_blink.elf  > "stm32f4_baremetal_led_blink.list"
   text	   data	    bss	    dec	    hex	filename
   1012	      0	   1568	   2580	    a14	stm32f4_baremetal_led_blink.elf
Finished building: default.size.stdout
 
Finished building: stm32f4_baremetal_led_blink.list
 

00:28:28 Build Finished. 0 errors, 0 warnings. (took 393ms)

