01:51:32 **** Incremental Build of configuration Debug for project stm32_register_programming_ led_pattern ****
make -j8 all 
arm-none-eabi-gcc "../Src/main.c" -mcpu=cortex-m4 -std=gnu11 -g3 -DDEBUG -DSTM32F401CBUx -DSTM32 -DSTM32F4 -c -I../Inc -O0 -ffunction-sections -fdata-sections -Wall -fstack-usage -fcyclomatic-complexity -MMD -MP -MF"Src/main.d" -MT"Src/main.o" --specs=nano.specs -mfpu=fpv4-sp-d16 -mfloat-abi=hard -mthumb -o "Src/main.o"
arm-none-eabi-gcc -o "stm32_register_programming_ led_pattern.elf" @"objects.list"   -mcpu=cortex-m4 -T"C:\Users\ramaz\STM32CubeIDE\workspace_1.19.0\stm32_register_programming_ led_pattern\STM32F401CBUX_FLASH.ld" --specs=nosys.specs -Wl,-Map="stm32_register_programming_ led_pattern.map" -Wl,--gc-sections -static --specs=nano.specs -mfpu=fpv4-sp-d16 -mfloat-abi=hard -mthumb -Wl,--start-group -lc -lm -Wl,--end-group
Finished building target: stm32_register_programming_ led_pattern.elf
 
arm-none-eabi-size  stm32_register_programming_\ led_pattern.elf 
arm-none-eabi-objdump -h -S stm32_register_programming_\ led_pattern.elf  > "stm32_register_programming_ led_pattern.list"
   text	   data	    bss	    dec	    hex	filename
   1016	      0	   1568	   2584	    a18	stm32_register_programming_ led_pattern.elf
Finished building: default.size.stdout
 
Finished building: stm32_register_programming_ led_pattern.list
 

01:51:32 Build Finished. 0 errors, 0 warnings. (took 615ms)

